url        file:///C:/MyPythonProjects/Пригласительные/wedding-style1-romantic.html
http       200
load       4250ms
title      "Георгий & Анастасия • 3 октября"
bodyChars  1152
patchright C:\Users\user\.vscode\extensions\danielsanmedium.dscodegpt-3.24.41\standalone/
text       П Георгий & Анастасия 03 3 октября 2026 года Мы счастливы пригласить вас разделить с нами один из самых важных дней в нашей жизни — день, когда мы становимся семьёй. ⏰ НАЧАЛО 15:00 📍 МЕСТО Ресторан «
eval       "ok"
screenshot C:/MyPythonProjects/Пригласительные/og/wedding-style1-romantic.png

console errors/warnings (0):

requests failed (0):
url        file:///C:/MyPythonProjects/Пригласительные/wedding-style2-luxury.html
http       200
load       5053ms
title      "Георгий & Анастасия • 3 октября"
bodyChars  1127
patchright C:\Users\user\.vscode\extensions\danielsanmedium.dscodegpt-3.24.41\standalone/
text       ВЫ ПРИГЛАШЕНЫ Георгий & Анастасия III · X · MMXXVI 3 ОКТЯБРЯ 2026 ГОДА С радостью приглашаем вас на торжество в честь нашего бракосочетания. Ваше присутствие — лучший подарок для нас. 15:00 НАЧАЛО Сбо
eval       "ok"
screenshot C:/MyPythonProjects/Пригласительные/og/wedding-style2-luxury.png

console errors/warnings (0):

requests failed (0):
url        file:///C:/MyPythonProjects/Пригласительные/wedding-style3-minimal.html
http       200
load       4088ms
title      "G&A · 03.10"
bodyChars  980
patchright C:\Users\user\.vscode\extensions\danielsanmedium.dscodegpt-3.24.41\standalone/
text       СВАДЕБНОЕ ПРИГЛАШЕНИЕ Георгий & Анастасия 03 · 10 · 2026 3 октября 03.10 ПРИГЛАШЕНИЕ ДЕТАЛИ ДАТА 3 октября 2026, суббота ВРЕМЯ 15:00 — сбор гостей МЕСТО Ресторан «Берег» ул. Набережная, 12 СТИЛЬ Вечер
eval       "ok"
screenshot C:/MyPythonProjects/Пригласительные/og/wedding-style3-minimal.png

console errors/warnings (0):

requests failed (0):
url        file:///C:/MyPythonProjects/Пригласительные/wedding-style4-autumn.html
http       200
load       5010ms
title      "Георгий & Анастасия · Осенняя свадьба"
bodyChars  1211
patchright C:\Users\user\.vscode\extensions\danielsanmedium.dscodegpt-3.24.41\standalone/
text       ОСЕННЯЯ СВАДЬБА · 2026 Георгий & Анастасия 🌾 Осенний день, листва кружит, Два сердца вместе — вот итог. Мы рады вас с собой позвать На этот важный наш денёк. 3 ОКТЯБРЯ · СУББОТА · 2026 ⏰ НАЧАЛО 15:00
eval       "ok"
screenshot C:/MyPythonProjects/Пригласительные/og/wedding-style4-autumn.png

console errors/warnings (0):

requests failed (0):
url        file:///C:/MyPythonProjects/Пригласительные/wedding-style5-retro.html
http       200
load       3949ms
title      "Г + А · 03.10.25"
bodyChars  1205
patchright C:\Users\user\.vscode\extensions\danielsanmedium.dscodegpt-3.24.41\standalone/
text       СВАДЕБНОЕ ТОРЖЕСТВО 03 · 10 · 2026 ВЫ ПРИГЛАШЕНЫ НА СВАДЬБУ Георгий ✦ и ✦ Анастасия СУББОТА, 3 ОКТЯБРЯ 2026 Дорогой гость, мы искренне рады пригласить вас разделить с нами этот особенный день. Ваше пр
eval       "ok"
screenshot C:/MyPythonProjects/Пригласительные/og/wedding-style5-retro.png

console errors/warnings (0):

requests failed (0):
url        file:///C:/MyPythonProjects/Пригласительные/wedding-style6-boho.html
http       200
load       4313ms
title      "Георгий & Анастасия • 3 октября"
bodyChars  1353
patchright C:\Users\user\.vscode\extensions\danielsanmedium.dscodegpt-3.24.41\standalone/
text       Богемная свадьба · 2026 МЫ ЖЕНИМСЯ Георгий&Анастасия приглашают разделить с ними этот день Тёплый вечер, сухие травы в вазах, гирлянды света и близкие люди рядом — будем очень рады видеть именно вас н
eval       "ok"
screenshot C:/MyPythonProjects/Пригласительные/og/wedding-style6-boho.png

console errors/warnings (0):

requests failed (0):
url        file:///C:/MyPythonProjects/Пригласительные/wedding-style7-winter.html
http       200
load       6946ms
title      "Георгий & Анастасия • 3 октября"
bodyChars  1355
patchright C:\Users\user\.vscode\extensions\danielsanmedium.dscodegpt-3.24.41\standalone/
text       ПРИГЛАШЕНИЕ НА СВАДЬБУ Георгий & Анастасия Среди тишины и первого снега мы хотим разделить самый важный день нашей жизни с теми, кто нам дорог. 3 ОКТЯБРЯ 2026 · СУББОТА · 15:00 ДО ТОРЖЕСТВА ОСТАЁТСЯ 5
eval       "ok"
screenshot C:/MyPythonProjects/Пригласительные/og/wedding-style7-winter.png

console errors/warnings (0):

requests failed (0):
url        file:///C:/MyPythonProjects/Пригласительные/wedding-style8-tropical.html
http       200
load       4273ms
title      "Георгий & Анастасия • 3 октября"
bodyChars  1324
patchright C:\Users\user\.vscode\extensions\danielsanmedium.dscodegpt-3.24.41\standalone/
text       ПРИГЛАШАЕМ РАЗДЕЛИТЬ НАШ ДЕНЬ 🌴 ☀️ 🌊 Георгий&Анастасия мы говорим друг другу «да» 🐚 Как волны неизбежно возвращаются к берегу, так и мы возвращаемся друг к другу каждый день. Будем счастливы раздел
eval       "ok"
screenshot C:/MyPythonProjects/Пригласительные/og/wedding-style8-tropical.png

console errors/warnings (0):

requests failed (0):
url        file:///C:/MyPythonProjects/Пригласительные/wedding-style9-glam.html
http       200
load       4285ms
title      "Георгий & Анастасия • 3 октября"
bodyChars  1228
patchright C:\Users\user\.vscode\extensions\danielsanmedium.dscodegpt-3.24.41\standalone/
text       ✦ ◆ ✦ ПРИГЛАШЕНИЕ НА ТОРЖЕСТВО Вечер в честь нашего бракосочетания & Георгий Анастасия 3 октября 2026 СУББОТА · НАЧАЛО В 15:00 С радостью приглашаем вас разделить с нами этот вечер — блеск бокалов, тё
eval       "ok"
screenshot C:/MyPythonProjects/Пригласительные/og/wedding-style9-glam.png

console errors/warnings (0):

requests failed (0):
url        file:///C:/MyPythonProjects/Пригласительные/wedding-style10-scandi.html
http       200
load       4130ms
title      "Георгий & Анастасия • 3 октября"
bodyChars  1697
patchright C:\Users\user\.vscode\extensions\danielsanmedium.dscodegpt-3.24.41\standalone/
text       ПРИГЛАШАЕМ РАЗДЕЛИТЬ С НАМИ ЭТОТ ДЕНЬ Георгий & Анастасия 3 ОКТЯБРЯ 2026 · СУББОТА Ресторан «Берег», ул. Набережная, 12 ДАЛЕЕ Мы с трепетом ждём момента, когда сможем сказать друг другу «да» — и хотим
eval       "ok"
screenshot C:/MyPythonProjects/Пригласительные/og/wedding-style10-scandi.png

console errors/warnings (0):

requests failed (0):
url        file:///C:/MyPythonProjects/Пригласительные/wedding-style11-oriental.html
http       200
load       4821ms
title      "Георгий & Анастасия • 3 октября"
bodyChars  1152
patchright C:\Users\user\.vscode\extensions\danielsanmedium.dscodegpt-3.24.41\standalone/
text       ПРИГЛАШАЕМ НА ТОРЖЕСТВО Георгий&Анастасия СВАДЕБНОЕ ТОРЖЕСТВО С любовью и трепетом приглашаем разделить с нами один из самых прекрасных дней нашей жизни — день, когда две судьбы соединятся в одну. 58 
eval       "ok"
screenshot C:/MyPythonProjects/Пригласительные/og/wedding-style11-oriental.png

console errors/warnings (0):

requests failed (0):
url        file:///C:/MyPythonProjects/Пригласительные/wedding-style12-watercolor.html
http       200
load       4368ms
title      "Георгий & Анастасия • 3 октября"
bodyChars  1355
patchright C:\Users\user\.vscode\extensions\danielsanmedium.dscodegpt-3.24.41\standalone/
text       ПРИГЛАШАЕМ НА СВАДЬБУ Георгий & Анастасия С трепетом и радостью приглашаем вас разделить с нами самый нежный день нашей жизни 3 ОКТЯБРЯ 2026 · СУББОТА · 15:00 ЛИСТАЙТЕ ВНИЗ До встречи осталось GEORGIY
eval       "ok"
screenshot C:/MyPythonProjects/Пригласительные/og/wedding-style12-watercolor.png

console errors/warnings (0):

requests failed (0):
url        file:///C:/MyPythonProjects/Пригласительные/wedding-style13-gothic.html
http       200
load       5146ms
title      "Георгий & Анастасия • 3 октября"
bodyChars  1049
patchright C:\Users\user\.vscode\extensions\danielsanmedium.dscodegpt-3.24.41\standalone/
text       ВЫ ПРИГЛАШЕНЫ Георгий & Анастасия III · X · MMXXVI 3 ОКТЯБРЯ 2026 ГОДА, СУББОТА Сквозь тьму зажигаем свечи, чтобы сказать друг другу: «да» — и разделить с вами этот вечер. Приглашаем разделить нашу ра
eval       "ok"
screenshot C:/MyPythonProjects/Пригласительные/og/wedding-style13-gothic.png

console errors/warnings (0):

requests failed (0):
url        file:///C:/MyPythonProjects/Пригласительные/wedding-style14-geometric.html
http       200
load       4199ms
title      "Георгий & Анастасия • 3 октября"
bodyChars  936
patchright C:\Users\user\.vscode\extensions\danielsanmedium.dscodegpt-3.24.41\standalone/
text       ПРИГЛАШЕНИЕ НА СВАДЬБУ Георгий & Анастасия 3 октября 2026 · суббота · 15:00 ДО ТОРЖЕСТВА ОСТАЛОСЬ 58 ДНЕЙ 20 ЧАСОВ 51 МИНУТ 28 СЕКУНД ДЕТАЛИ СОБЫТИЯ Когда 3 октября 2026 года Суббота, начало в 15:00 Г
eval       "ok"
screenshot C:/MyPythonProjects/Пригласительные/og/wedding-style14-geometric.png

console errors/warnings (0):

requests failed (0):
url        file:///C:/MyPythonProjects/Пригласительные/wedding-style15-nautical.html
http       200
load       5006ms
title      "Георгий & Анастасия • 3 октября"
bodyChars  1218
patchright C:\Users\user\.vscode\extensions\danielsanmedium.dscodegpt-3.24.41\standalone/
text       Приглашаем разделить с нами Георгий&Анастасия 3 ОКТЯБРЯ 2026 · СУББОТА · 15:00 Встречаемся на самой кромке воды — в ресторане «Берег», ул. Набережная, 12 До отплытия остаётся Считаем часы до момента, 
eval       "ok"
screenshot C:/MyPythonProjects/Пригласительные/og/wedding-style15-nautical.png

console errors/warnings (0):

requests failed (0):
url        file:///C:/MyPythonProjects/Пригласительные/wedding-style16-spring-garden.html
http       200
load       4169ms
title      "Георгий & Анастасия • 3 октября"
bodyChars  1096
patchright C:\Users\user\.vscode\extensions\danielsanmedium.dscodegpt-3.24.41\standalone/
text       ВЕСЕННИЙ САД · 2026 Георгий & Анастасия 🌷 Роса ещё дрожит на лепестках, Сад пробудился в мягком свете дня. Позвольте пригласить вас в этот сад — Мы будем рады видеть вас, друзья. 3 ОКТЯБРЯ · СУББОТА 
eval       "ok"
screenshot C:/MyPythonProjects/Пригласительные/og/wedding-style16-spring-garden.png

console errors/warnings (0):

requests failed (0):
url        file:///C:/MyPythonProjects/Пригласительные/wedding-style17-winery.html
http       200
load       4599ms
title      "Георгий & Анастасия • 3 октября"
bodyChars  1250
patchright C:\Users\user\.vscode\extensions\danielsanmedium.dscodegpt-3.24.41\standalone/
text       ЗАКАТ СРЕДИ ВИНОГРАДНИКОВ · 2026 Георгий & Анастасия 🍇 Торжество пройдёт среди виноградников на закате — на винодельне «Дом Лозы», где ряды золотой лозы встречают вечернее солнце Кубани. Приглашаем р
eval       "ok"
screenshot C:/MyPythonProjects/Пригласительные/og/wedding-style17-winery.png

console errors/warnings (0):

requests failed (0):
url        file:///C:/MyPythonProjects/Пригласительные/wedding-style18-mountain-lodge.html
http       200
load       4480ms
title      "Георгий & Анастасия • 3 октября"
bodyChars  1487
patchright C:\Users\user\.vscode\extensions\danielsanmedium.dscodegpt-3.24.41\standalone/
text       ПРИГЛАШЕНИЕ НА СВАДЬБУ Георгий & Анастасия ТУРБАЗА «ЭДЕЛЬВЕЙС» · КРАСНАЯ ПОЛЯНА Среди хвойного воздуха и вершин Кавказских гор мы хотим встретить самый тёплый день нашей жизни — рядом с теми, кто нам 
eval       "ok"
screenshot C:/MyPythonProjects/Пригласительные/og/wedding-style18-mountain-lodge.png

console errors/warnings (0):

requests failed (0):
url        file:///C:/MyPythonProjects/Пригласительные/wedding-style19-beach-gelendzhik.html
http       200
load       5043ms
title      "Георгий & Анастасия • 3 октября"
bodyChars  1257
patchright C:\Users\user\.vscode\extensions\danielsanmedium.dscodegpt-3.24.41\standalone/
text       ПРИГЛАШАЕМ ВСТРЕТИТЬ ЗАКАТ ВМЕСТЕ Георгий&Анастасия на берегу Чёрного моря мы скажем друг другу «да» 22.08 Когда солнце коснётся горизонта над Чёрным морем, а галечный берег окрасится в розовое золото
eval       "ok"
screenshot C:/MyPythonProjects/Пригласительные/og/wedding-style19-beach-gelendzhik.png

console errors/warnings (0):

requests failed (0):
url        file:///C:/MyPythonProjects/Пригласительные/wedding-style20-yacht-club.html
http       200
load       4997ms
title      "Георгий & Анастасия • 3 октября"
bodyChars  1475
patchright C:\Users\user\.vscode\extensions\danielsanmedium.dscodegpt-3.24.41\standalone/
text       ВЕЧЕР В МАРИНЕ · СОЧИ Приглашаем разделить с нами Георгий&Анастасия Георгий & Анастасия 3 ОКТЯБРЯ 2026 · СУББОТА · 19:00 Встречаемся вечером в яхт-клубе «Марина Sochi» на Имеретинской набережной — ког
eval       "ok"
screenshot C:/MyPythonProjects/Пригласительные/og/wedding-style20-yacht-club.png

console errors/warnings (0):

requests failed (0):
url        file:///C:/MyPythonProjects/Пригласительные/wedding-style21-cossack-farm.html
http       200
load       4515ms
title      "Георгий & Анастасия • 3 октября"
bodyChars  1900
patchright C:\Users\user\.vscode\extensions\danielsanmedium.dscodegpt-3.24.41\standalone/
text       приглашаем на казачью свадьбу хутор «Вольная станица», Кубань Георгий & Анастасия 3 октября 2026 года По кубанскому обычаю встречаем гостей хлебом-солью и низким поклоном — так у нас на хуторе принима
eval       "ok"
screenshot C:/MyPythonProjects/Пригласительные/og/wedding-style21-cossack-farm.png

console errors/warnings (0):

requests failed (0):
url        file:///C:/MyPythonProjects/Пригласительные/wedding-style22-tea-plantation.html
http       200
load       4306ms
title      "Георгий & Анастасия • 3 октября"
bodyChars  2041
patchright C:\Users\user\.vscode\extensions\danielsanmedium.dscodegpt-3.24.41\standalone/
text       ПРИГЛАШАЕМ РАЗДЕЛИТЬ С НАМИ ЭТОТ ДЕНЬ Георгий & Анастасия 3 ОКТЯБРЯ 2026 · СУББОТА Чайная плантация «Мацеста», Сочи ДАЛЕЕ Здесь, на самых северных чайных плантациях в мире, склоны укрыты рядами низких
eval       "ok"
screenshot C:/MyPythonProjects/Пригласительные/og/wedding-style22-tea-plantation.png

console errors/warnings (0):

requests failed (0):
url        file:///C:/MyPythonProjects/Пригласительные/wedding-style23-orchard-blossom.html
http       200
load       4285ms
title      "Георгий & Анастасия • 3 октября"
bodyChars  1348
patchright C:\Users\user\.vscode\extensions\danielsanmedium.dscodegpt-3.24.41\standalone/
text       сад «Яблоневый цвет» · предгорья Кубани ЯБЛОНЕВЫЙ ЦВЕТ · АПШЕРОНСКИЙ РАЙОН Георгий & Анастасия 🌸 В саду, где яблони цветут рядами, Где горный воздух свеж и чист с утра, Мы приглашаем встретить праздн
eval       "ok"
screenshot C:/MyPythonProjects/Пригласительные/og/wedding-style23-orchard-blossom.png

console errors/warnings (0):

requests failed (0):
url        file:///C:/MyPythonProjects/Пригласительные/wedding-style24-krasnodar-mansion.html
http       200
load       5127ms
title      "Георгий & Анастасия • 3 октября"
bodyChars  1561
patchright C:\Users\user\.vscode\extensions\danielsanmedium.dscodegpt-3.24.41\standalone/
text       ПРИГЛАШЕНИЕ НА БРАКОСОЧЕТАНИЕ Георгий & Анастасия 3 октября 2026 года, суббота Среди кованых балконов и старой брусчатки улицы Красной, там, где вечерние фонари освещают фасады екатеринодарских особня
eval       "ok"
screenshot C:/MyPythonProjects/Пригласительные/og/wedding-style24-krasnodar-mansion.png

console errors/warnings (0):

requests failed (0):
url        file:///C:/MyPythonProjects/Пригласительные/wedding-style25-lake-kardyvach.html
http       200
load       5148ms
title      "Георгий & Анастасия • 3 октября"
bodyChars  1853
patchright C:\Users\user\.vscode\extensions\danielsanmedium.dscodegpt-3.24.41\standalone/
text       Среди хвои и тишины заповедника Георгий&Анастасия 3 ОКТЯБРЯ 2026 · СУББОТА · 11:00 У подножия хребта, там, где озеро Кардывач замирает зеркалом, а тишина заповедника слышна отчётливее любых слов, — пр
eval       "ok"
screenshot C:/MyPythonProjects/Пригласительные/og/wedding-style25-lake-kardyvach.png

console errors/warnings (0):

requests failed (0):
url        file:///C:/MyPythonProjects/Пригласительные/wedding-style26-sunflower-field.html
http       200
load       4348ms
title      "Георгий & Анастасия • 3 октября"
bodyChars  1322
patchright C:\Users\user\.vscode\extensions\danielsanmedium.dscodegpt-3.24.41\standalone/
text       КУБАНСКАЯ СТЕПЬ · ЛЕТО 2027 Георгий & Анастасия 🌻 Куда ни глянь — бескрайнее поле, Кубанский простор в летнем зное. Подсолнухи смотрят на солнце с нами — Скажем друг другу «да» под этим небом. 3 ОКТЯ
eval       "ok"
screenshot C:/MyPythonProjects/Пригласительные/og/wedding-style26-sunflower-field.png

console errors/warnings (0):

requests failed (0):
url        file:///C:/MyPythonProjects/Пригласительные/wedding-style27-city-park.html
http       200
load       6127ms
title      "Георгий & Анастасия • 3 октября"
bodyChars  1323
patchright C:\Users\user\.vscode\extensions\danielsanmedium.dscodegpt-3.24.41\standalone/
text       ГОРОДСКОЙ ПАРК ИМ. М. ГОРЬКОГО · КРАСНОДАР Георгий & Анастасия Под сенью старых лип и клёнов, Где кружева кованых скамей, И фонтан о вечном шепчет тихо — Мы скажем «да» среди друзей. 3 ОКТЯБРЯ · СУББО
eval       "ok"
screenshot C:/MyPythonProjects/Пригласительные/og/wedding-style27-city-park.png

console errors/warnings (0):

requests failed (0):
url        file:///C:/MyPythonProjects/Пригласительные/wedding-style28-galitsky-park.html
http       200
load       4787ms
title      "Георгий & Анастасия • 3 октября"
bodyChars  1284
patchright C:\Users\user\.vscode\extensions\danielsanmedium.dscodegpt-3.24.41\standalone/
text       💍 Георгий & Анастасия ПРИГЛАШАЕМ НА НАШУ СВАДЬБУ 3 октября 2026 · суббота · Парк Галицкого, Краснодар ЛИСТАЙТЕ ВНИЗ ДО ТОРЖЕСТВА ОСТАЛОСЬ 58 ДНЕЙ 20 ЧАСОВ 50 МИНУТ 09 СЕКУНД ДЕТАЛИ СОБЫТИЯ ВРЕМЯ 15:0
eval       "ok"
screenshot C:/MyPythonProjects/Пригласительные/og/wedding-style28-galitsky-park.png

console errors/warnings (0):

requests failed (0):
url        file:///C:/MyPythonProjects/Пригласительные/wedding-style29-botanical-garden.html
http       200
load       4462ms
title      "Георгий & Анастасия • 3 октября"
bodyChars  1280
patchright C:\Users\user\.vscode\extensions\danielsanmedium.dscodegpt-3.24.41\standalone/
text       оранжерея Ботанического сада КубГАУ · Краснодар ОРАНЖЕРЕЯ · БОТАНИЧЕСКИЙ САД КУБГАУ Георгий & Анастасия 🌿 Под стеклянным сводом, где влажен воздух, Где листья тропиков тянутся ввысь, Мы скажем друг д
eval       "ok"
screenshot C:/MyPythonProjects/Пригласительные/og/wedding-style29-botanical-garden.png

console errors/warnings (0):

requests failed (0):
url        file:///C:/MyPythonProjects/Пригласительные/wedding-style30-industrial-loft.html
http       200
load       4244ms
title      "Георгий & Анастасия • 3 октября"
bodyChars  1352
patchright C:\Users\user\.vscode\extensions\danielsanmedium.dscodegpt-3.24.41\standalone/
text       ПРИГЛАШЕНИЕ НА СВАДЬБУ ГЕОРГИЙ & АНАСТАСИЯ 3 ОКТЯБРЯ 2026 ГОДА · СУББОТА Кирпичные стены, тёплый свет ламп Эдисона и высокие окна бывшей типографии — мы выбрали место, где индустриальная строгость вст
eval       "ok"
screenshot C:/MyPythonProjects/Пригласительные/og/wedding-style30-industrial-loft.png

console errors/warnings (0):

requests failed (0):
url        file:///C:/MyPythonProjects/Пригласительные/wedding-style31-rooftop.html
http       200
load       4442ms
title      "Георгий & Анастасия • 3 октября"
bodyChars  1585
patchright C:\Users\user\.vscode\extensions\danielsanmedium.dscodegpt-3.24.41\standalone/
text       💍 ПАНОРАМНЫЙ ВЕЧЕР НА ВЫСОТЕ Георгий & Анастасия ПРИГЛАШАЕМ ВСТРЕТИТЬ ЗАКАТ НАД ГОРОДОМ 3 октября 2026 · суббота · ресторан «Высота», Краснодар Георгий & Анастасия ЛИСТАЙТЕ ВНИЗ ДО НАШЕГО ВЕЧЕРА НА К
eval       "ok"
screenshot C:/MyPythonProjects/Пригласительные/og/wedding-style31-rooftop.png

console errors/warnings (0):

requests failed (0):
url        file:///C:/MyPythonProjects/Пригласительные/wedding-style32-river-cruise.html
http       200
load       7502ms
title      "Георгий & Анастасия • 3 октября"
bodyChars  1572
patchright C:\Users\user\.vscode\extensions\danielsanmedium.dscodegpt-3.24.41\standalone/
text       РЕЧНОЙ КРУИЗ · КРАСНОДАР Приглашаем разделить с нами Георгий&Анастасия Георгий & Анастасия 3 ОКТЯБРЯ 2026 · СУББОТА · 18:00 Встречаем закат на воде на борту теплохода «Ривер Стар» — отправление с прич
eval       "ok"
screenshot C:/MyPythonProjects/Пригласительные/og/wedding-style32-river-cruise.png

console errors/warnings (0):

requests failed (0):
url        file:///C:/MyPythonProjects/Пригласительные/wedding-style33-planetarium.html
http       200
load       3345ms
title      "Георгий & Анастасия • 3 октября"
bodyChars  1496
patchright C:\Users\user\.vscode\extensions\danielsanmedium.dscodegpt-3.24.41\standalone/
text       ПРИГЛАШЕНИЕ НА СВАДЬБУ Георгий&Анастасия ПЛАНЕТАРИЙ «КОСМОС» · КРАСНОДАР 3 октября 2026 · суббота · 20:00 ДО НАЧАЛА ЗВЁЗДНОГО ВЕЧЕРА 59 ДНЕЙ 01 ЧАСОВ 49 МИНУТ 39 СЕКУНД ДЕТАЛИ СОБЫТИЯ Что нужно знать 
eval       "ok"
screenshot C:/MyPythonProjects/Пригласительные/og/wedding-style33-planetarium.png

console errors/warnings (0):

requests failed (0):
url        file:///C:/MyPythonProjects/Пригласительные/wedding-style34-equestrian-club.html
http       200
load       4641ms
title      "Георгий & Анастасия • 3 октября"
bodyChars  1401
patchright C:\Users\user\.vscode\extensions\danielsanmedium.dscodegpt-3.24.41\standalone/
text       🐎 Георгий & Анастасия ПРИГЛАШАЕМ НА НАШУ СВАДЬБУ конный клуб «Кубанский рысак» 3 октября 2026 · суббота · Краснодар ЛИСТАЙТЕ ВНИЗ ДО ТОРЖЕСТВА ОСТАЛОСЬ 58 ДНЕЙ 19 ЧАСОВ 49 МИНУТ 35 СЕКУНД ДЕТАЛИ СОБЫ
eval       "ok"
screenshot C:/MyPythonProjects/Пригласительные/og/wedding-style34-equestrian-club.png

console errors/warnings (0):

requests failed (0):
url        file:///C:/MyPythonProjects/Пригласительные/wedding-style35-golf-club.html
http       200
load       4571ms
title      "Георгий & Анастасия • 3 октября"
bodyChars  1363
patchright C:\Users\user\.vscode\extensions\danielsanmedium.dscodegpt-3.24.41\standalone/
text       💍 Георгий & Анастасия ПРИГЛАШАЕМ НА НАШУ СВАДЬБУ 3 октября 2026 · суббота · Гольф-клуб «Кубань Грин», Краснодар ЛИСТАЙТЕ ВНИЗ ДО ТОРЖЕСТВА ОСТАЛОСЬ 58 ДНЕЙ 18 ЧАСОВ 49 МИНУТ 29 СЕКУНД ДЕТАЛИ СОБЫТИЯ 
eval       "ok"
screenshot C:/MyPythonProjects/Пригласительные/og/wedding-style35-golf-club.png

console errors/warnings (0):

requests failed (0):
url        file:///C:/MyPythonProjects/Пригласительные/wedding-style36-art-loft.html
http       200
load       3437ms
title      "Георгий & Анастасия • 3 октября"
bodyChars  1529
patchright C:\Users\user\.vscode\extensions\danielsanmedium.dscodegpt-3.24.41\standalone/
text       ПРИГЛАШЕНИЕ НА СВАДЬБУ ГЕОРГИЙ & АНАСТАСИЯ АРТ-ПРОСТРАНСТВО «ТИПОГРАФИЯ» · КРАСНОДАР ЛИСТАЙТЕ СКОРО ДО СОБЫТИЯ ОСТАЛОСЬ 59 ДНЕЙ 01 ЧАСОВ 49 МИНУТ 24 СЕКУНД СУББОТА, 3 ОКТЯБРЯ 2026 · НАЧАЛО В 20:00 ДЕТ
eval       "ok"
screenshot C:/MyPythonProjects/Пригласительные/og/wedding-style36-art-loft.png

console errors/warnings (0):

requests failed (0):
